// Jest Snapshot v1, https://goo.gl/fbAQLP

exports[`Plan Header component renders 1`] = `<v-layout-stub tag="div" align-end="" py-3=""><span class="headline">moj plan novi</span> <span>Ispunjenost plana: 2%</span> <span>Autor plana: milos.s.pfc@gmail.com</span></v-layout-stub>`;
